/neo/: text 107 · contrast<need 0 · targets<24px 0 · focus-obscured 0
/neo/pm/: text 719 · contrast<need 0 · targets<24px 0 · focus-obscured 0
/neo/pp-pi/: text 666 · contrast<need 0 · targets<24px 0 · focus-obscured 0
/neo/domain-model/: text 458 · contrast<need 0 · targets<24px 0 · focus-obscured 0
/neo/domain/pm-functional-locations/: text 216 · contrast<need 0 · targets<24px 0 · focus-obscured 0
/neo/s4hana/: text 505 · contrast<need 0 · targets<24px 0 · focus-obscured 0
/neo/s4-readiness/: text 540 · contrast<need 0 · targets<24px 0 · focus-obscured 0
/neo/migration-cockpit/: text 407 · contrast<need 0 · targets<24px 0 · focus-obscured 0
/neo/erd/: text 141 · contrast<need 0 · targets<24px 0 · focus-obscured 0
/neo/studio/: text 114 · contrast<need 0 · targets<24px 0 · focus-obscured 0
/neo/tables/: text 1592 · contrast<need 0 · targets<24px 0 · focus-obscured 0
/neo/tables/AFKO/: text 379 · contrast<need 0 · targets<24px 0 · focus-obscured 0
/neo/object/MARA/: text 422 · contrast<need 0 · targets<24px 0 · focus-obscured 0
/neo/best-practices/maintenance-order-process/: text 742 · contrast<need 0 · targets<24px 0 · focus-obscured 0
/neo/transactions/: text 1263 · contrast<need 0 · targets<24px 0 · focus-obscured 0
/neo/bapi/: text 1376 · contrast<need 0 · targets<24px 0 · focus-obscured 0
/neo/bapi/BAPI_ALM_CONF_CREATE/: text 199 · contrast<need 0 · targets<24px 0 · focus-obscured 0
/neo/idoc/: text 164 · contrast<need 0 · targets<24px 0 · focus-obscured 0
/neo/cds/: text 498 · contrast<need 0 · targets<24px 0 · focus-obscured 0
/neo/fiori-apps/: text 509 · contrast<need 0 · targets<24px 0 · focus-obscured 0
/neo/enhancements/: text 181 · contrast<need 0 · targets<24px 0 · focus-obscured 0
/neo/books/: text 186 · contrast<need 0 · targets<24px 0 · focus-obscured 0
/neo/read/book2/: text 296 · contrast<need 0 · targets<24px 0 · focus-obscured 0
/neo/ai/: text 86 · contrast<need 0 · targets<24px 0 · focus-obscured 0
/neo/chat/: text 80 · contrast<need 0 · targets<24px 0 · focus-obscured 0
/neo/knowledge/: text 371 · contrast<need 0 · targets<24px 0 · focus-obscured 0
/neo/academy/: text 182 · contrast<need 0 · targets<24px 1 · focus-obscured 0
/neo/certification/: text 83 · contrast<need 0 · targets<24px 0 · focus-obscured 0
/neo/incidents/: text 492 · contrast<need 0 · targets<24px 0 · focus-obscured 0
/neo/incidents/cogi-stuck/: text 98 · contrast<need 0 · targets<24px 0 · focus-obscured 0
/neo/centers/: text 100 · contrast<need 0 · targets<24px 0 · focus-obscured 0
/neo/best-practices/: text 281 · contrast<need 0 · targets<24px 0 · focus-obscured 0
/exits/CMOD-SMOD/: text 34 · contrast<need 0 · targets<24px 2 · focus-obscured 4
/exits/Implicit-Enhancement/: text 34 · contrast<need 0 · targets<24px 2 · focus-obscured 4
/neo/best-practices/maintenance-notification-process/: text 453 · contrast<need 0 · targets<24px 0 · focus-obscured 0
/neo/best-practices/production-order-process/: text 743 · contrast<need 0 · targets<24px 0 · focus-obscured 0
/neo/best-practices/ecc-to-s4hana-migration-process/: text 545 · contrast<need 0 · targets<24px 0 · focus-obscured 0
