/neo/ 0
/neo/pm/ 0
/neo/pp-pi/ 0
/neo/domain-model/ 0
/neo/domain/pm-functional-locations/ 0
/neo/s4hana/ 0
/neo/s4-readiness/ 0
/neo/migration-cockpit/ 0
/neo/erd/ 0
/neo/studio/ 0
/neo/tables/ 0
/neo/tables/AFKO/ 0
/neo/object/MARA/ 0
/neo/best-practices/maintenance-order-process/ 0
/neo/transactions/ 0
/neo/bapi/ 0
/neo/bapi/BAPI_ALM_CONF_CREATE/ 0
/neo/idoc/ 0
/neo/cds/ 0
/neo/fiori-apps/ 0
/neo/enhancements/ 0
/neo/books/ 0
/neo/read/book2/ target-size(serious)x3
/neo/ai/ 0
/neo/chat/ 0
/neo/knowledge/ 0
/neo/academy/ 0
/neo/certification/ 0
/neo/incidents/ 0
/neo/incidents/cogi-stuck/ 0
/neo/centers/ 0
/neo/best-practices/ 0
