/neo/: latin=27 nonIsolated=0 orderSensitive=0
/neo/pm/: latin=518 nonIsolated=0 orderSensitive=0
/neo/pp-pi/: latin=512 nonIsolated=0 orderSensitive=0
/neo/domain-model/: latin=79 nonIsolated=0 orderSensitive=0
/neo/domain/pm-functional-locations/: latin=44 nonIsolated=0 orderSensitive=0
/neo/s4hana/: latin=314 nonIsolated=0 orderSensitive=0
/neo/s4-readiness/: latin=167 nonIsolated=0 orderSensitive=0
/neo/migration-cockpit/: latin=151 nonIsolated=0 orderSensitive=0
/neo/erd/: latin=32 nonIsolated=0 orderSensitive=0
/neo/studio/: latin=31 nonIsolated=0 orderSensitive=0
/neo/tables/: latin=236 nonIsolated=0 orderSensitive=0
/neo/tables/AFKO/: latin=130 nonIsolated=0 orderSensitive=0
/neo/object/MARA/: latin=153 nonIsolated=0 orderSensitive=0
/neo/transactions/: latin=428 nonIsolated=0 orderSensitive=0
/neo/transactions/IP30/: latin=50 nonIsolated=0 orderSensitive=0
/neo/bapi/: latin=246 nonIsolated=0 orderSensitive=0
/neo/bapi/BAPI_ALM_CONF_CREATE/: latin=36 nonIsolated=0 orderSensitive=0
/neo/idoc/: latin=45 nonIsolated=0 orderSensitive=0
/neo/cds/: latin=78 nonIsolated=0 orderSensitive=0
/neo/fiori-apps/: latin=104 nonIsolated=0 orderSensitive=0
/neo/enhancements/: latin=61 nonIsolated=0 orderSensitive=0
/neo/books/: latin=29 nonIsolated=0 orderSensitive=0
/neo/read/book2/: latin=85 nonIsolated=0 orderSensitive=0
/neo/ai/: latin=9 nonIsolated=0 orderSensitive=0
/neo/chat/: latin=10 nonIsolated=0 orderSensitive=0
/neo/knowledge/: latin=88 nonIsolated=0 orderSensitive=0
/neo/knowledge/table/: latin=23 nonIsolated=0 orderSensitive=0
/neo/academy/: latin=20 nonIsolated=0 orderSensitive=0
/neo/certification/: latin=19 nonIsolated=0 orderSensitive=0
/neo/incidents/cogi-stuck/: latin=23 nonIsolated=0 orderSensitive=0
/neo/centers/: latin=21 nonIsolated=0 orderSensitive=0
/neo/best-practices/: latin=20 nonIsolated=0 orderSensitive=0
