/neo/ 200 0
/neo/pm/ 200 0
/neo/pp-pi/ 200 0
/neo/domain-model/ 200 0
/neo/domain/pm-functional-locations/ 200 0
/neo/s4hana/ 200 0
/neo/s4-readiness/ 200 0
/neo/migration-cockpit/ 200 0
/neo/erd/ 200 0
/neo/studio/ 200 0
/neo/tables/ 200 0
/neo/tables/AFKO/ 200 0
/neo/object/MARA/ 200 0
/neo/best-practices/maintenance-order-process/ 200 0
/neo/transactions/ 200 0
/neo/bapi/ 200 0
/neo/bapi/BAPI_ALM_CONF_CREATE/ 200 0
/neo/idoc/ 200 0
/neo/cds/ 200 0
/neo/fiori-apps/ 200 0
/neo/enhancements/ 200 0
/neo/books/ 200 0
/neo/read/book2/ 200 0
/neo/ai/ 200 0
/neo/chat/ 200 0
/neo/knowledge/ 200 0
/neo/academy/ 200 0
/neo/certification/ 200 0
/neo/incidents/ 200 0
/neo/incidents/cogi-stuck/ 200 0
/neo/centers/ 200 0
/neo/best-practices/ 200 0
