/neo/ 40   
/neo/pm/ 40   
/neo/pp-pi/ 40   
/neo/domain-model/ 40   
/neo/domain/pm-functional-locations/ 40   
/neo/s4hana/ 40   
/neo/s4-readiness/ 40   
/neo/migration-cockpit/ 40   
/neo/erd/ 40   
/neo/studio/ 40   
/neo/tables/ 40   
/neo/tables/AFKO/ 40   
/neo/object/MARA/ 40   
/neo/best-practices/maintenance-order-process/ 40   
/neo/transactions/ 40   
/neo/bapi/ 40   
/neo/bapi/BAPI_ALM_CONF_CREATE/ 40   
/neo/idoc/ 40   
/neo/cds/ 40   
/neo/fiori-apps/ 40   
/neo/enhancements/ 40   
/neo/books/ 40   
/neo/read/book2/ 40   
/neo/ai/ 40   
/neo/chat/ 40   
/neo/knowledge/ 40   
/neo/academy/ 40   
/neo/certification/ 40   
/neo/incidents/ 40   
/neo/incidents/cogi-stuck/ 40   
/neo/centers/ 40   
/neo/best-practices/ 40   
