home: http=200 pageOv=0 canvasOv=0 canvasW=1144 h=2997 dim=0(min 1) zoom=- errs=0 :: div.nh-mid.nm-par +69
pm: http=200 pageOv=0 canvasOv=0 canvasW=1144 h=11122 dim=0(min 1) zoom=- errs=0 :: i.nw-light-b +224
pp-pi: http=200 pageOv=0 canvasOv=0 canvasW=1144 h=10199 dim=0(min 1) zoom=- errs=0 :: i.nw-light-b +224
domains: http=200 pageOv=0 canvasOv=0 canvasW=1144 h=4469 dim=0(min 1) zoom=- errs=0
domain-floc: http=200 pageOv=0 canvasOv=0 canvasW=1144 h=4660 dim=0(min 1) zoom=- errs=0 :: a.nxs-i.nm-sel +539
s4-center: http=200 pageOv=0 canvasOv=0 canvasW=1144 h=8613 dim=0(min 1) zoom=- errs=0
readiness: http=200 pageOv=0 canvasOv=0 canvasW=1144 h=7939 dim=0(min 1) zoom=100% errs=0
cockpit: http=200 pageOv=0 canvasOv=0 canvasW=1144 h=7299 dim=0(min 1) zoom=- errs=0
erd: http=200 pageOv=0 canvasOv=0 canvasW=1144 h=848 dim=0(min 1) zoom=67% errs=0
studio: http=200 pageOv=0 canvasOv=0 canvasW=1144 h=960 dim=0(min 1) zoom=123% errs=0
tables: http=200 pageOv=0 canvasOv=0 canvasW=1144 h=12094 dim=0(min 1) zoom=- errs=0
table-afko: http=200 pageOv=0 canvasOv=0 canvasW=1144 h=6547 dim=0(min 1) zoom=- errs=0 :: a.nxs-i.nm-sel +191
object-mara: http=200 pageOv=0 canvasOv=0 canvasW=1144 h=9089 dim=0(min 1) zoom=- errs=0 :: a.nxs-i.nm-sel +407
bp-record: http=200 pageOv=0 canvasOv=0 canvasW=1144 h=10254 dim=0(min 1) zoom=- errs=0
transactions: http=200 pageOv=0 canvasOv=0 canvasW=1144 h=11991 dim=0(min 1) zoom=- errs=0
bapis: http=200 pageOv=0 canvasOv=0 canvasW=1144 h=13448 dim=0(min 1) zoom=- errs=0
bapi-alm-conf: http=200 pageOv=0 canvasOv=0 canvasW=1144 h=3000 dim=0(min 1) zoom=- errs=0
idocs: http=200 pageOv=0 canvasOv=0 canvasW=1144 h=2343 dim=0(min 1) zoom=- errs=0
cds: http=200 pageOv=0 canvasOv=0 canvasW=1144 h=4422 dim=0(min 1) zoom=- errs=0
fiori: http=200 pageOv=0 canvasOv=0 canvasW=1144 h=3977 dim=0(min 1) zoom=- errs=0
enhancements: http=200 pageOv=0 canvasOv=0 canvasW=1144 h=1991 dim=0(min 1) zoom=- errs=0
books: http=200 pageOv=0 canvasOv=0 canvasW=1144 h=5928 dim=0(min 1) zoom=- errs=0
reader: http=200 pageOv=0 canvasOv=0 canvasW=1144 h=29313 dim=0(min 1) zoom=- errs=0
ask-library: http=200 pageOv=0 canvasOv=0 canvasW=1144 h=1392 dim=0(min 1) zoom=- errs=0
chat: http=200 pageOv=0 canvasOv=0 canvasW=1144 h=1295 dim=0(min 1) zoom=- errs=0
knowledge: http=200 pageOv=0 canvasOv=0 canvasW=1144 h=5221 dim=0(min 1) zoom=- errs=0
academy: http=200 pageOv=0 canvasOv=0 canvasW=1144 h=1714 dim=0(min 1) zoom=- errs=0
certification: http=200 pageOv=0 canvasOv=0 canvasW=1144 h=941 dim=0(min 1) zoom=- errs=0
incidents: http=200 pageOv=0 canvasOv=0 canvasW=1144 h=6030 dim=0(min 1) zoom=- errs=0
incident-cogi: http=200 pageOv=0 canvasOv=0 canvasW=1144 h=1690 dim=0(min 1) zoom=- errs=0
centers: http=200 pageOv=0 canvasOv=0 canvasW=1144 h=2355 dim=0(min 1) zoom=- errs=0
best-practices: http=200 pageOv=0 canvasOv=0 canvasW=1144 h=4769 dim=0(min 1) zoom=- errs=0
