PASS table-marc desktop http=200 block=true overflow=0 errs=0 h1="MARC"
PASS table-mara desktop http=200 block=true overflow=0 errs=0 h1="MARA"
PASS table-but000 desktop http=200 block=true overflow=0 errs=0 h1="BUT000"
PASS table-mseg desktop http=200 block=true overflow=0 errs=0 h1="MSEG"
PASS object-aufk desktop http=200 block=true overflow=0 errs=0 h1="AUFK"
PASS tx-mb01 desktop http=200 block=true overflow=0 errs=0 h1="MB01"
PASS tx-iw31 desktop http=200 block=true overflow=0 errs=0 h1="IW31"
PASS tx-md01 desktop http=200 block=true overflow=0 errs=0 h1="MD01"
PASS tx-migo desktop http=200 block=true overflow=0 errs=0 h1="MIGO"
PASS tx-cor2 desktop http=200 block=true overflow=0 errs=0 h1="COR2"
PASS fm-alm-order desktop http=200 block=true overflow=0 errs=0 h1="BAPI_ALM_ORDER_MAINTAIN"
PASS idoc-matmas desktop http=200 block=true overflow=0 errs=0 h1="MATMAS"
PASS cds-matdocitem desktop http=200 block=true overflow=0 errs=0 h1="I_MaterialDocumentItem"
PASS cds-prodorder desktop http=200 block=true overflow=0 errs=0 h1="I_ProductionOrder"
PASS fiori-f2731 desktop http=200 block=true overflow=0 errs=0 h1="F2731"
PASS enh-customer-exit desktop http=200 block=true overflow=0 errs=0 h1="Customer Exit"
PASS bp-catalog desktop http=200 block=false overflow=0 errs=0 h1="שיטות עבודה מומלצות ל-SAP S/4HANA"
PASS bp-commit desktop http=200 block=true overflow=0 errs=0 h1="משמעת COMMIT בקריאות BAPI: הודעות ופקודות תחזוקת מ"
PASS table-marc desktop-light http=200 block=true overflow=0 errs=0 h1="MARC"
PASS table-mara desktop-light http=200 block=true overflow=0 errs=0 h1="MARA"
PASS table-but000 desktop-light http=200 block=true overflow=0 errs=0 h1="BUT000"
PASS table-mseg desktop-light http=200 block=true overflow=0 errs=0 h1="MSEG"
PASS object-aufk desktop-light http=200 block=true overflow=0 errs=0 h1="AUFK"
PASS tx-mb01 desktop-light http=200 block=true overflow=0 errs=0 h1="MB01"
PASS tx-iw31 desktop-light http=200 block=true overflow=0 errs=0 h1="IW31"
PASS tx-md01 desktop-light http=200 block=true overflow=0 errs=0 h1="MD01"
PASS tx-migo desktop-light http=200 block=true overflow=0 errs=0 h1="MIGO"
PASS tx-cor2 desktop-light http=200 block=true overflow=0 errs=0 h1="COR2"
PASS fm-alm-order desktop-light http=200 block=true overflow=0 errs=0 h1="BAPI_ALM_ORDER_MAINTAIN"
PASS idoc-matmas desktop-light http=200 block=true overflow=0 errs=0 h1="MATMAS"
PASS cds-matdocitem desktop-light http=200 block=true overflow=0 errs=0 h1="I_MaterialDocumentItem"
PASS cds-prodorder desktop-light http=200 block=true overflow=0 errs=0 h1="I_ProductionOrder"
PASS fiori-f2731 desktop-light http=200 block=true overflow=0 errs=0 h1="F2731"
PASS enh-customer-exit desktop-light http=200 block=true overflow=0 errs=0 h1="Customer Exit"
PASS bp-catalog desktop-light http=200 block=false overflow=0 errs=0 h1="שיטות עבודה מומלצות ל-SAP S/4HANA"
PASS bp-commit desktop-light http=200 block=true overflow=0 errs=0 h1="משמעת COMMIT בקריאות BAPI: הודעות ופקודות תחזוקת מ"
PASS table-marc phone http=200 block=true overflow=0 errs=0 h1="MARC"
PASS table-mara phone http=200 block=true overflow=0 errs=0 h1="MARA"
PASS table-but000 phone http=200 block=true overflow=0 errs=0 h1="BUT000"
PASS table-mseg phone http=200 block=true overflow=0 errs=0 h1="MSEG"
PASS object-aufk phone http=200 block=true overflow=0 errs=0 h1="AUFK"
PASS tx-mb01 phone http=200 block=true overflow=0 errs=0 h1="MB01"
PASS tx-iw31 phone http=200 block=true overflow=0 errs=0 h1="IW31"
PASS tx-md01 phone http=200 block=true overflow=0 errs=0 h1="MD01"
PASS tx-migo phone http=200 block=true overflow=0 errs=0 h1="MIGO"
PASS tx-cor2 phone http=200 block=true overflow=0 errs=0 h1="COR2"
PASS fm-alm-order phone http=200 block=true overflow=0 errs=0 h1="BAPI_ALM_ORDER_MAINTAIN"
PASS idoc-matmas phone http=200 block=true overflow=0 errs=0 h1="MATMAS"
PASS cds-matdocitem phone http=200 block=true overflow=0 errs=0 h1="I_MaterialDocumentItem"
PASS cds-prodorder phone http=200 block=true overflow=0 errs=0 h1="I_ProductionOrder"
PASS fiori-f2731 phone http=200 block=true overflow=0 errs=0 h1="F2731"
PASS enh-customer-exit phone http=200 block=true overflow=0 errs=0 h1="Customer Exit"
PASS bp-catalog phone http=200 block=false overflow=0 errs=0 h1="שיטות עבודה מומלצות ל-SAP S/4HANA"
PASS bp-commit phone http=200 block=true overflow=0 errs=0 h1="משמעת COMMIT בקריאות BAPI: הודעות ופקודות תחזוקת מ"
ALL PASS
